(): we name it, otherwise: it already have name
<>: compulsory
[]: optional 

For example,
    * <(name)>  :we must name something
    * [(name)]  :we optionally name something
    * <name>    :we must call something by available name
    * [name]    :we optionally call something by available name


1. Initalization: 
    cd project
    git config --global user.name "<Your Name Comes Here>"
    git config --global user.email <Your Email Comes Here>
    git init .
2. Track the changes:
    git add <file> | git rm <file> | git restore <file>
    git commit -am "<YourMessage>" | git commit -amend
    git log --all --graph --decorate --oneline
3. Work remotely from local repository: `branch` and `remote`
    git remote add [-t <branch>] <(name)> <url>, i.e git remote buildApp https://github.com/SANGNGUYEN24/GoodStories_14bit.git
    git remote -v, i.e list all available remotes
    git remote remove [name]: Remove a remote
    git pull <remote> <branch>, i.e git pull buildApp Tri_branch
    git push --set-upstream buildApp master
    git branch --set-upstream-to=origin/Tri_master Tri_master2
    git push --set-upstream origin Tri_master2 # vua tao branch moi Tri_master2 vua push


Bug and resolve: 
1. Reject to push
    * Reason: different between online version and offline version
    * Solution: `git pull <origin>` to merge 2 verison before push to online.
2. error: RPC failed; curl 92 HTTP/2 stream 5 was not closed cleanly before end of the underlying stream
    * Reason: Unknown
    * Solution: increasing http.postBuffer is valuable
    ```sh
    git config --global http.postBuffer 1048576000
    ```

2. To https://github.com/USERNAME/REPOSITORY.git
 ! [rejected]        master -> master (non-fast-forward)
error: failed to push some refs to 'https://github.com/USERNAME/REPOSITORY.git'
To prevent you from losing history, non-fast-forward updates were rejected
Merge the remote changes (e.g. 'git pull') before pushing again.  See the
'Note about fast-forwards' section of 'git push --help' for details.

Fixing using Fetch

    git fetch origin master:tmp  # git fetch <remote> <branch>
    git rebase tmp
    git push origin HEAD:master
    git branch -D tmp            # Delete branch


3. Start collaborating on Github
    $ git clone https://github.com/Pronton2001/ML_from_scratch
    $ git branch -vv
    > * main 308273e [origin/main] add random forest

    1)  Keep file up-to-date locally
        * Make sure in (main)    <--- this (main) is remote
        * fetch all the code from the remote [origin] and then merge into our 
        [main] branch

        Example:
        $ git pull origin main  <--- this [main] is local
                                 <--- this [origin] or [origin/main] is remote
        > From https://github.com/Pronton2001/ML_from_scratch
        > * branch            main       -> FETCH_HEAD
        > Already up to date. 

    2) Create and move to new branch [branch name], avoid editting the state of  
    this [master]
        $ git checkout -b [branch name]
        
        Example:
        $ git checkout -b tri_branch
        $ git branch -vv
        > main       308273e [origin/main] add random forest
        > * tri_branch 308273e add random forest

    3) Change code in this step !!
        $ git status
        > On branch tri_branch
        > Changes not staged for commit:
        > (use "git add <file>
        >   ...
        >   modified:   README.md
        >   ...

    4) Save and commit code
        $ git add .
        $ git commit -m "update README"

    5) Do NOT merge this branch [branch name] into the [main] branch locally. 
    If not, it will override the [main] branch on the remote reposotory
        $ git push origin [branch name]

        Example
        $ git push origin tri_branch
        > Enumerating objects: 5, done.
        > Counting objects: 
        > ...
        > To https://github.com/Pronton2001/ML_from_scratch.git
        >  * [new branch]      tri_branch -> tri_branch
    6) Open Github website and comfirm pull request then merge [branch name]
    branch into [main] branch
